[demo.dashboardpack.com/user-management-html/index.html]
[backblue.gif]
[fade.gif]
[index.html]
[demo.dashboardpack.com/user-management-html/img/mini_logo.png]
[demo.dashboardpack.com/user-management-html/css/bootstrap.min.css]
[demo.dashboardpack.com/user-management-html/vendors/themefy_icon/themify-icons.css]
[demo.dashboardpack.com/user-management-html/vendors/niceselect/css/nice-select.css]
[demo.dashboardpack.com/user-management-html/vendors/owl_carousel/css/owl.carousel.css]
[demo.dashboardpack.com/user-management-html/vendors/gijgo/gijgo.min.css]
[demo.dashboardpack.com/user-management-html/vendors/font_awesome/css/all.min.css]
[demo.dashboardpack.com/user-management-html/vendors/tagsinput/tagsinput.css]
[demo.dashboardpack.com/user-management-html/vendors/datepicker/date-picker.css]
[demo.dashboardpack.com/user-management-html/vendors/vectormap-home/vectormap-2.0.2.css]
[demo.dashboardpack.com/user-management-html/vendors/scroll/scrollable.css]
[demo.dashboardpack.com/user-management-html/vendors/datatable/css/jquery.dataTables.min.css]
[demo.dashboardpack.com/user-management-html/vendors/datatable/css/responsive.dataTables.min.css]
[demo.dashboardpack.com/user-management-html/vendors/datatable/css/buttons.dataTables.min.css]
[demo.dashboardpack.com/user-management-html/vendors/text_editor/summernote-bs4.css]
[demo.dashboardpack.com/user-management-html/vendors/morris/morris.css]
[demo.dashboardpack.com/user-management-html/vendors/material_icon/material-icons.css]
[demo.dashboardpack.com/user-management-html/css/metisMenu.css]
[demo.dashboardpack.com/user-management-html/css/style.css]
[demo.dashboardpack.com/user-management-html/index-2.html]
[demo.dashboardpack.com/user-management-html/img/logo.png]
[demo.dashboardpack.com/user-management-html/img/menu-icon/dashboard.svg]
[demo.dashboardpack.com/user-management-html/index_2.html]
[demo.dashboardpack.com/user-management-html/index_3.html]
[demo.dashboardpack.com/user-management-html/img/menu-icon/2.svg]
[demo.dashboardpack.com/user-management-html/editor.html]
[demo.dashboardpack.com/user-management-html/mail_box.html]
[demo.dashboardpack.com/user-management-html/chat.html]
[demo.dashboardpack.com/user-management-html/faq.html]
[demo.dashboardpack.com/user-management-html/img/menu-icon/3.svg]
[demo.dashboardpack.com/user-management-html/login.html]
[demo.dashboardpack.com/user-management-html/resister.html]
[demo.dashboardpack.com/user-management-html/error_400.html]
[demo.dashboardpack.com/user-management-html/error_500.html]
[demo.dashboardpack.com/user-management-html/forgot_pass.html]
[demo.dashboardpack.com/user-management-html/gallery.html]
[demo.dashboardpack.com/user-management-html/img/menu-icon/4.svg]
[demo.dashboardpack.com/user-management-html/admin_list.html]
[demo.dashboardpack.com/user-management-html/add_new_admin.html]
[demo.dashboardpack.com/user-management-html/img/menu-icon/11.svg]
[demo.dashboardpack.com/user-management-html/module_setting.html]
[demo.dashboardpack.com/user-management-html/role_permissions.html]
[demo.dashboardpack.com/user-management-html/navs.html]
[demo.dashboardpack.com/user-management-html/img/menu-icon/12.svg]
[demo.dashboardpack.com/user-management-html/img/menu-icon/5.svg]
[demo.dashboardpack.com/user-management-html/user_list.html]
[demo.dashboardpack.com/user-management-html/add_new_user.html]
[demo.dashboardpack.com/user-management-html/Builder.html]
[demo.dashboardpack.com/user-management-html/img/menu-icon/6.svg]
[demo.dashboardpack.com/user-management-html/invoice.html]
[demo.dashboardpack.com/user-management-html/img/menu-icon/7.svg]
[demo.dashboardpack.com/user-management-html/img/menu-icon/8.svg]
[demo.dashboardpack.com/user-management-html/Basic_Elements.html]
[demo.dashboardpack.com/user-management-html/Groups.html]
[demo.dashboardpack.com/user-management-html/Max_Length.html]
[demo.dashboardpack.com/user-management-html/Layouts.html]
[demo.dashboardpack.com/user-management-html/Board.html]
[demo.dashboardpack.com/user-management-html/img/menu-icon/9.svg]
[demo.dashboardpack.com/user-management-html/calender.html]
[demo.dashboardpack.com/user-management-html/img/menu-icon/10.svg]
[demo.dashboardpack.com/user-management-html/dark_sidebar.html]
[demo.dashboardpack.com/user-management-html/light_sidebar.html]
[demo.dashboardpack.com/user-management-html/Minimized_Aside.html]
[demo.dashboardpack.com/user-management-html/empty_page.html]
[demo.dashboardpack.com/user-management-html/fixed_footer.html]
[demo.dashboardpack.com/user-management-html/img/menu-icon/13.svg]
[demo.dashboardpack.com/user-management-html/Products.html]
[demo.dashboardpack.com/user-management-html/Product_Details.html]
[demo.dashboardpack.com/user-management-html/Cart.html]
[demo.dashboardpack.com/user-management-html/Checkout.html]
[demo.dashboardpack.com/user-management-html/img/menu-icon/14.svg]
[demo.dashboardpack.com/user-management-html/Fontawesome_Icon.html]
[demo.dashboardpack.com/user-management-html/themefy_icon.html]
[demo.dashboardpack.com/user-management-html/img/menu-icon/15.svg]
[demo.dashboardpack.com/user-management-html/wow_animation.html]
[demo.dashboardpack.com/user-management-html/Scroll_Reveal.html]
[demo.dashboardpack.com/user-management-html/tilt.html]
[demo.dashboardpack.com/user-management-html/img/menu-icon/16.svg]
[demo.dashboardpack.com/user-management-html/accordion.html]
[demo.dashboardpack.com/user-management-html/Scrollable.html]
[demo.dashboardpack.com/user-management-html/notification.html]
[demo.dashboardpack.com/user-management-html/carousel.html]
[demo.dashboardpack.com/user-management-html/Pagination.html]
[demo.dashboardpack.com/user-management-html/img/menu-icon/17.svg]
[demo.dashboardpack.com/user-management-html/data_table.html]
[demo.dashboardpack.com/user-management-html/bootstrap_table.html]
[demo.dashboardpack.com/user-management-html/img/menu-icon/18.svg]
[demo.dashboardpack.com/user-management-html/basic_card.html]
[demo.dashboardpack.com/user-management-html/theme_card.html]
[demo.dashboardpack.com/user-management-html/dargable_card.html]
[demo.dashboardpack.com/user-management-html/img/menu-icon/19.svg]
[demo.dashboardpack.com/user-management-html/chartjs.html]
[demo.dashboardpack.com/user-management-html/apex_chart.html]
[demo.dashboardpack.com/user-management-html/chart_sparkline.html]
[demo.dashboardpack.com/user-management-html/am_chart.html]
[demo.dashboardpack.com/user-management-html/nvd3_charts.html]
[demo.dashboardpack.com/user-management-html/img/menu-icon/20.svg]
[demo.dashboardpack.com/user-management-html/colors.html]
[demo.dashboardpack.com/user-management-html/Alerts.html]
[demo.dashboardpack.com/user-management-html/buttons.html]
[demo.dashboardpack.com/user-management-html/modal.html]
[demo.dashboardpack.com/user-management-html/dropdown.html]
[demo.dashboardpack.com/user-management-html/Badges.html]
[demo.dashboardpack.com/user-management-html/Loading_Indicators.html]
[demo.dashboardpack.com/user-management-html/color_plate.html]
[demo.dashboardpack.com/user-management-html/typography.html]
[demo.dashboardpack.com/user-management-html/datepicker.html]
[demo.dashboardpack.com/user-management-html/img/menu-icon/21.svg]
[demo.dashboardpack.com/user-management-html/chart_box_1.html]
[demo.dashboardpack.com/user-management-html/profilebox.html]
[demo.dashboardpack.com/user-management-html/mapjs.html]
[demo.dashboardpack.com/user-management-html/vector_map.html]
[demo.dashboardpack.com/user-management-html/img/line_img.png]
[demo.dashboardpack.com/user-management-html/img/icon/icon_search.svg]
[demo.dashboardpack.com/user-management-html/img/icon/bell.svg]
[demo.dashboardpack.com/user-management-html/img/staf/2.png]
[demo.dashboardpack.com/user-management-html/img/staf/4.png]
[demo.dashboardpack.com/user-management-html/img/staf/3.png]
[demo.dashboardpack.com/user-management-html/img/icon/msg.svg]
[demo.dashboardpack.com/user-management-html/img/client_img.png]
[demo.dashboardpack.com/user-management-html/img/icon/calender_icon.svg]
[demo.dashboardpack.com/user-management-html/img/crm/businessman.svg]
[demo.dashboardpack.com/user-management-html/img/crm/customer.svg]
[demo.dashboardpack.com/user-management-html/img/crm/infographic.svg]
[demo.dashboardpack.com/user-management-html/img/crm/sqr.svg]
[demo.dashboardpack.com/user-management-html/img/customers/1.png]
[demo.dashboardpack.com/user-management-html/img/icon2/7.svg]
[demo.dashboardpack.com/user-management-html/img/icon2/6.svg]
[demo.dashboardpack.com/user-management-html/img/icon2/5.svg]
[demo.dashboardpack.com/user-management-html/img/icon2/3.svg]
[demo.dashboardpack.com/user-management-html/img/icon2/1.svg]
[demo.dashboardpack.com/user-management-html/img/icon2/4.svg]
[demo.dashboardpack.com/user-management-html/img/icon2/2.svg]
[demo.dashboardpack.com/user-management-html/img/customers/pro_1.png]
[demo.dashboardpack.com/user-management-html/img/customers/pro_2.png]
[demo.dashboardpack.com/user-management-html/img/customers/pro_3.png]
[demo.dashboardpack.com/user-management-html/img/customers/pro_4.png]
[demo.dashboardpack.com/user-management-html/img/customers/pro_5.png]
[demo.dashboardpack.com/user-management-html/img/customers/pro_6.png]
[demo.dashboardpack.com/user-management-html/img/table.svg]
[demo.dashboardpack.com/user-management-html/img/staf/1.png]
[demo.dashboardpack.com/user-management-html/img/staf/5.png]
[demo.dashboardpack.com/user-management-html/js/jquery-3.4.1.min.js]
[demo.dashboardpack.com/user-management-html/js/popper.min.js]
[demo.dashboardpack.com/user-management-html/js/bootstrap.min.js]
[demo.dashboardpack.com/user-management-html/js/metisMenu.js]
[demo.dashboardpack.com/user-management-html/vendors/count_up/jquery.waypoints.min.js]
[demo.dashboardpack.com/user-management-html/vendors/chartlist/Chart.min.js]
[demo.dashboardpack.com/user-management-html/vendors/count_up/jquery.counterup.min.js]
[demo.dashboardpack.com/user-management-html/vendors/niceselect/js/jquery.nice-select.min.js]
[demo.dashboardpack.com/user-management-html/vendors/owl_carousel/js/owl.carousel.min.js]
[demo.dashboardpack.com/user-management-html/vendors/datatable/js/jquery.dataTables.min.js]
[demo.dashboardpack.com/user-management-html/vendors/datatable/js/dataTables.responsive.min.js]
[demo.dashboardpack.com/user-management-html/vendors/datatable/js/dataTables.buttons.min.js]
[demo.dashboardpack.com/user-management-html/vendors/datatable/js/buttons.flash.min.js]
[demo.dashboardpack.com/user-management-html/vendors/datatable/js/jszip.min.js]
[demo.dashboardpack.com/user-management-html/vendors/datatable/js/pdfmake.min.js]
[demo.dashboardpack.com/user-management-html/vendors/datatable/js/vfs_fonts.js]
[demo.dashboardpack.com/user-management-html/vendors/datatable/js/buttons.html5.min.js]
[demo.dashboardpack.com/user-management-html/vendors/datatable/js/buttons.print.min.js]
[demo.dashboardpack.com/user-management-html/vendors/datepicker/datepicker.js]
[demo.dashboardpack.com/user-management-html/vendors/datepicker/datepicker.en.js]
[demo.dashboardpack.com/user-management-html/vendors/datepicker/datepicker.custom.js]
[demo.dashboardpack.com/user-management-html/js/chart.min.js]
[demo.dashboardpack.com/user-management-html/vendors/chartjs/roundedBar.min.js]
[demo.dashboardpack.com/user-management-html/vendors/progressbar/jquery.barfiller.js]
[demo.dashboardpack.com/user-management-html/vendors/tagsinput/tagsinput.js]
[demo.dashboardpack.com/user-management-html/vendors/text_editor/summernote-bs4.js]
[demo.dashboardpack.com/user-management-html/vendors/am_chart/amcharts.js]
[demo.dashboardpack.com/user-management-html/vendors/scroll/perfect-scrollbar.min.js]
[demo.dashboardpack.com/user-management-html/vendors/scroll/scrollable-custom.js]
[demo.dashboardpack.com/user-management-html/vendors/vectormap-home/vectormap-2.0.2.min.js]
[demo.dashboardpack.com/user-management-html/vendors/vectormap-home/vectormap-world-mill-en.js]
[demo.dashboardpack.com/user-management-html/vendors/apex_chart/apex-chart2.js]
[demo.dashboardpack.com/user-management-html/vendors/apex_chart/apex_dashboard.js]
[demo.dashboardpack.com/user-management-html/vendors/chart_am/core.js]
[demo.dashboardpack.com/user-management-html/vendors/chart_am/charts.js]
[demo.dashboardpack.com/user-management-html/vendors/chart_am/animated.js]
[demo.dashboardpack.com/user-management-html/vendors/chart_am/kelly.js]
[demo.dashboardpack.com/user-management-html/vendors/chart_am/chart-custom.js]
[demo.dashboardpack.com/user-management-html/js/dashboard_init.js]
[demo.dashboardpack.com/user-management-html/index.html]
[demo.dashboardpack.com/user-management-html/css/bootstrap.min.css]
[demo.dashboardpack.com/user-management-html/js/custom.js]
[demo.dashboardpack.com/user-management-html/vendors/themefy_icon/fonts/themify9f24.eot]
[demo.dashboardpack.com/user-management-html/vendors/themefy_icon/fonts/themifyd41d.eot]
[demo.dashboardpack.com/user-management-html/vendors/themefy_icon/fonts/themify9f24.woff]
[demo.dashboardpack.com/user-management-html/vendors/themefy_icon/fonts/themify9f24.ttf]
[demo.dashboardpack.com/user-management-html/vendors/themefy_icon/themify-icons.css]
[demo.dashboardpack.com/user-management-html/vendors/niceselect/css/nice-select.css]
[demo.dashboardpack.com/user-management-html/vendors/themefy_icon/fonts/themify9f24.svg]
[demo.dashboardpack.com/user-management-html/vendors/owl_carousel/css/owl.carousel.css]
[demo.dashboardpack.com/user-management-html/vendors/gijgo/gijgo.min.css]
[demo.dashboardpack.com/user-management-html/vendors/font_awesome/webfonts/fa-brands-400.eot]
[demo.dashboardpack.com/user-management-html/vendors/font_awesome/webfonts/fa-brands-400d41d.eot]
[demo.dashboardpack.com/user-management-html/vendors/font_awesome/webfonts/fa-brands-400.woff2]
[demo.dashboardpack.com/user-management-html/vendors/font_awesome/webfonts/fa-brands-400.woff]
[demo.dashboardpack.com/user-management-html/vendors/font_awesome/webfonts/fa-brands-400.ttf]
[demo.dashboardpack.com/user-management-html/vendors/font_awesome/webfonts/fa-regular-400d41d.eot]
[demo.dashboardpack.com/user-management-html/vendors/font_awesome/webfonts/fa-regular-400.woff2]
[demo.dashboardpack.com/user-management-html/vendors/font_awesome/webfonts/fa-regular-400.woff]
[demo.dashboardpack.com/user-management-html/vendors/font_awesome/webfonts/fa-regular-400.ttf]
[demo.dashboardpack.com/user-management-html/vendors/font_awesome/webfonts/fa-solid-900.eot]
[demo.dashboardpack.com/user-management-html/vendors/font_awesome/webfonts/fa-solid-900d41d.eot]
[demo.dashboardpack.com/user-management-html/vendors/font_awesome/webfonts/fa-solid-900.woff2]
[demo.dashboardpack.com/user-management-html/vendors/font_awesome/webfonts/fa-solid-900.woff]
[demo.dashboardpack.com/user-management-html/vendors/font_awesome/webfonts/fa-solid-900.ttf]
[demo.dashboardpack.com/user-management-html/vendors/font_awesome/css/all.min.css]
[demo.dashboardpack.com/user-management-html/vendors/tagsinput/tagsinput.css]
[demo.dashboardpack.com/user-management-html/vendors/datepicker/date-picker.css]
[demo.dashboardpack.com/user-management-html/vendors/vectormap-home/vectormap-2.0.2.css]
[demo.dashboardpack.com/user-management-html/vendors/scroll/scrollable.css]
[demo.dashboardpack.com/user-management-html/vendors/datatable/css/jquery.dataTables.min.css]
[demo.dashboardpack.com/user-management-html/vendors/datatable/css/responsive.dataTables.min.css]
[demo.dashboardpack.com/user-management-html/vendors/datatable/css/buttons.dataTables.min.css]
[demo.dashboardpack.com/user-management-html/vendors/text_editor/fonts/summernote.eot]
[demo.dashboardpack.com/user-management-html/vendors/text_editor/fonts/summernote.woff]
[demo.dashboardpack.com/user-management-html/vendors/text_editor/summernote-bs4.css]
[demo.dashboardpack.com/user-management-html/vendors/morris/morris.css]
[demo.dashboardpack.com/user-management-html/vendors/text_editor/fonts/summernote.ttf]
[demo.dashboardpack.com/user-management-html/vendors/material_icon/MaterialIcons-Regular.ttf]
[demo.dashboardpack.com/user-management-html/vendors/material_icon/material-icons.woff]
[demo.dashboardpack.com/user-management-html/vendors/material_icon/material-icons.css]
[demo.dashboardpack.com/user-management-html/css/metisMenu.css]
[demo.dashboardpack.com/user-management-html/img/weather_1.png]
[demo.dashboardpack.com/user-management-html/img/shape_2.svg]
[demo.dashboardpack.com/user-management-html/img/plane_thumb.svg]
[demo.dashboardpack.com/user-management-html/img/dateBg.png]
[demo.dashboardpack.com/user-management-html/img/default-skin/default-skin.png]
[demo.dashboardpack.com/user-management-html/img/default-skin/default-skin.svg]
[demo.dashboardpack.com/user-management-html/img/pro_complete.png]
[demo.dashboardpack.com/user-management-html/css/style.css]
[demo.dashboardpack.com/user-management-html/css/colors/default.css]
[demo.dashboardpack.com/user-management-html/index-2.html]
[demo.dashboardpack.com/user-management-html/img/menu-icon/dashboard.svg]
[demo.dashboardpack.com/user-management-html/index_2.html]
[demo.dashboardpack.com/user-management-html/img/crm/bg.svg]
[demo.dashboardpack.com/user-management-html/img/logo_white.png]
[demo.dashboardpack.com/user-management-html/index_3.html]
[demo.dashboardpack.com/user-management-html/img/menu-icon/2.svg]
[demo.dashboardpack.com/user-management-html/editor.html]
[demo.dashboardpack.com/user-management-html/vendors/calender_js/core/main.css]
[demo.dashboardpack.com/user-management-html/js/ckeditor-classic.js]
[demo.dashboardpack.com/user-management-html/vendors/calender_js/daygrid/main.css]
[demo.dashboardpack.com/user-management-html/vendors/calender_js/timegrid/main.css]
[demo.dashboardpack.com/user-management-html/vendors/calender_js/list/main.css]
[demo.dashboardpack.com/user-management-html/img/messages/1.png]
[demo.dashboardpack.com/user-management-html/vendors/calender_js/core/main.js]
[demo.dashboardpack.com/user-management-html/vendors/calender_js/interaction/main.js]
[demo.dashboardpack.com/user-management-html/vendors/calender_js/daygrid/main.js]
[demo.dashboardpack.com/user-management-html/vendors/calender_js/timegrid/main.js]
[demo.dashboardpack.com/user-management-html/vendors/calender_js/list/main.js]
[demo.dashboardpack.com/user-management-html/mail_box.html]
[demo.dashboardpack.com/user-management-html/vendors/calender_js/activation.js]
[demo.dashboardpack.com/user-management-html/img/messages/1.jpg]
[demo.dashboardpack.com/user-management-html/img/messages/2.jpg]
[demo.dashboardpack.com/user-management-html/img/messages/3.jpg]
[demo.dashboardpack.com/user-management-html/img/messages/4.jpg]
[demo.dashboardpack.com/user-management-html/chat.html]
[demo.dashboardpack.com/user-management-html/faq.html]
[demo.dashboardpack.com/user-management-html/img/menu-icon/3.svg]
[demo.dashboardpack.com/user-management-html/login.html]
[demo.dashboardpack.com/user-management-html/resister.html]
[demo.dashboardpack.com/user-management-html/img/bak_hovers/sad.png]
[demo.dashboardpack.com/user-management-html/error_400.html]
[demo.dashboardpack.com/user-management-html/error_500.html]
[demo.dashboardpack.com/user-management-html/forgot_pass.html]
[demo.dashboardpack.com/user-management-html/img/tilt/1.jpg]
[demo.dashboardpack.com/user-management-html/img/tilt/2.jpg]
[demo.dashboardpack.com/user-management-html/img/tilt/3.jpg]
[demo.dashboardpack.com/user-management-html/img/tilt/4.jpg]
[demo.dashboardpack.com/user-management-html/img/tilt/5.jpg]
[demo.dashboardpack.com/user-management-html/img/tilt/6.jpg]
[demo.dashboardpack.com/user-management-html/img/tilt/7.jpg]
[demo.dashboardpack.com/user-management-html/vendors/photoswip/photoswipe.min.js]
[demo.dashboardpack.com/user-management-html/vendors/photoswip/photoswipe-ui-default.min.js]
[demo.dashboardpack.com/user-management-html/gallery.html]
[demo.dashboardpack.com/user-management-html/img/menu-icon/4.svg]
[demo.dashboardpack.com/user-management-html/admin_list.html]
[demo.dashboardpack.com/user-management-html/add_new_admin.html]
[demo.dashboardpack.com/user-management-html/img/menu-icon/11.svg]
[demo.dashboardpack.com/user-management-html/module_setting.html]
[demo.dashboardpack.com/user-management-html/role_permissions.html]
[demo.dashboardpack.com/user-management-html/navs.html]
[demo.dashboardpack.com/user-management-html/img/menu-icon/12.svg]
[demo.dashboardpack.com/user-management-html/img/menu-icon/5.svg]
[demo.dashboardpack.com/user-management-html/user_list.html]
[demo.dashboardpack.com/user-management-html/add_new_user.html]
[demo.dashboardpack.com/user-management-html/Builder.html]
[demo.dashboardpack.com/user-management-html/img/menu-icon/6.svg]
[demo.dashboardpack.com/user-management-html/invoice.html]
[demo.dashboardpack.com/user-management-html/img/menu-icon/7.svg]
[demo.dashboardpack.com/user-management-html/img/menu-icon/8.svg]
[demo.dashboardpack.com/user-management-html/Basic_Elements.html]
[demo.dashboardpack.com/user-management-html/Groups.html]
[demo.dashboardpack.com/user-management-html/Max_Length.html]
[demo.dashboardpack.com/user-management-html/Layouts.html]
[demo.dashboardpack.com/user-management-html/Board.html]
[demo.dashboardpack.com/user-management-html/img/menu-icon/9.svg]
[demo.dashboardpack.com/user-management-html/calender.html]
[demo.dashboardpack.com/user-management-html/img/menu-icon/10.svg]
[demo.dashboardpack.com/user-management-html/dark_sidebar.html]
[demo.dashboardpack.com/user-management-html/light_sidebar.html]
[demo.dashboardpack.com/user-management-html/Minimized_Aside.html]
[demo.dashboardpack.com/user-management-html/empty_page.html]
[demo.dashboardpack.com/user-management-html/fixed_footer.html]
[demo.dashboardpack.com/user-management-html/img/menu-icon/13.svg]
[demo.dashboardpack.com/user-management-html/vendors/photoswip/photoswipe.js]
[demo.dashboardpack.com/user-management-html/img/products/img-5.png]
[demo.dashboardpack.com/user-management-html/img/products/img-2.png]
[demo.dashboardpack.com/user-management-html/img/products/02.png]
[demo.dashboardpack.com/user-management-html/img/products/img-1.png]
[demo.dashboardpack.com/user-management-html/img/products/img-4.png]
[demo.dashboardpack.com/user-management-html/Products.html]
[demo.dashboardpack.com/user-management-html/img/products/01.png]
[demo.dashboardpack.com/user-management-html/Product_Details.html]
[demo.dashboardpack.com/user-management-html/Cart.html]
[demo.dashboardpack.com/user-management-html/img/card/card-2.png]
[demo.dashboardpack.com/user-management-html/img/card/card-5.png]
[demo.dashboardpack.com/user-management-html/Checkout.html]
[demo.dashboardpack.com/user-management-html/img/menu-icon/14.svg]
[demo.dashboardpack.com/user-management-html/Fontawesome_Icon.html]
[demo.dashboardpack.com/user-management-html/themefy_icon.html]
[demo.dashboardpack.com/user-management-html/img/menu-icon/15.svg]
[demo.dashboardpack.com/user-management-html/vendors/animation/wow/animate.css]
[demo.dashboardpack.com/user-management-html/vendors/animation/wow/wow.min.js]
[demo.dashboardpack.com/user-management-html/vendors/animation/wow/wow-init.js]
[demo.dashboardpack.com/user-management-html/wow_animation.html]
[demo.dashboardpack.com/user-management-html/vendors/scroll_reval/scrollreveal.min.js]
[demo.dashboardpack.com/user-management-html/vendors/scroll_reval/modernizr.js]
[demo.dashboardpack.com/user-management-html/Scroll_Reveal.html]
[demo.dashboardpack.com/user-management-html/vendors/scroll_reval/reveal-custom.js]
[demo.dashboardpack.com/user-management-html/vendors/animation/tilt/tilt.jquery.js]
[demo.dashboardpack.com/user-management-html/vendors/animation/tilt/tilt-custom.js]
[demo.dashboardpack.com/user-management-html/tilt.html]
[demo.dashboardpack.com/user-management-html/img/menu-icon/16.svg]
[demo.dashboardpack.com/user-management-html/accordion.html]
[demo.dashboardpack.com/user-management-html/Scrollable.html]
[demo.dashboardpack.com/user-management-html/notification.html]
[demo.dashboardpack.com/user-management-html/vendors/apex_chart/apex_chart_list.js]
[demo.dashboardpack.com/user-management-html/img/banner.png]
[demo.dashboardpack.com/user-management-html/carousel.html]
[demo.dashboardpack.com/user-management-html/Pagination.html]
[demo.dashboardpack.com/user-management-html/img/menu-icon/17.svg]
[demo.dashboardpack.com/user-management-html/data_table.html]
[demo.dashboardpack.com/user-management-html/bootstrap_table.html]
[demo.dashboardpack.com/user-management-html/img/menu-icon/18.svg]
[demo.dashboardpack.com/user-management-html/basic_card.html]
[demo.dashboardpack.com/user-management-html/theme_card.html]
[demo.dashboardpack.com/user-management-html/vendors/drag/jquery.ui.min.js]
[demo.dashboardpack.com/user-management-html/vendors/drag/dragable_sortable.js]
[demo.dashboardpack.com/user-management-html/dargable_card.html]
[demo.dashboardpack.com/user-management-html/img/menu-icon/19.svg]
[demo.dashboardpack.com/user-management-html/vendors/drag/sortable-custom.js]
[demo.dashboardpack.com/user-management-html/chartjs.html]
[demo.dashboardpack.com/user-management-html/vendors/chartjs/chartjs_init.js]
[demo.dashboardpack.com/user-management-html/vendors/apex_chart/apexcharts.js]
[demo.dashboardpack.com/user-management-html/apex_chart.html]
[demo.dashboardpack.com/user-management-html/vendors/apex_chart/apexchart_lists.js]
[demo.dashboardpack.com/user-management-html/vendors/jquery-sparkline/jquery.sparkline.min.js]
[demo.dashboardpack.com/user-management-html/chart_sparkline.html]
[demo.dashboardpack.com/user-management-html/vendors/jquery-sparkline/spactkine_init.js]
[demo.dashboardpack.com/user-management-html/vendors/am_chart/serial.js]
[demo.dashboardpack.com/user-management-html/vendors/am_chart/dataloader.min.js]
[demo.dashboardpack.com/user-management-html/vendors/am_chart/export.min.js]
[demo.dashboardpack.com/user-management-html/vendors/am_chart/ammap.js]
[demo.dashboardpack.com/user-management-html/vendors/am_chart/worldLow.js]
[demo.dashboardpack.com/user-management-html/vendors/am_chart/pie.js]
[demo.dashboardpack.com/user-management-html/vendors/am_chart/amstock.js]
[demo.dashboardpack.com/user-management-html/am_chart.html]
[demo.dashboardpack.com/user-management-html/vendors/am_chart/amchart-init.js]
[demo.dashboardpack.com/user-management-html/vendors/nvd3/d3.min.js]
[demo.dashboardpack.com/user-management-html/vendors/nvd3/nv.d3.js]
[demo.dashboardpack.com/user-management-html/nvd3_charts.html]
[demo.dashboardpack.com/user-management-html/img/menu-icon/20.svg]
[demo.dashboardpack.com/user-management-html/colors.html]
[demo.dashboardpack.com/user-management-html/Alerts.html]
[demo.dashboardpack.com/user-management-html/buttons.html]
[demo.dashboardpack.com/user-management-html/modal.html]
[demo.dashboardpack.com/user-management-html/dropdown.html]
[demo.dashboardpack.com/user-management-html/Badges.html]
[demo.dashboardpack.com/user-management-html/Loading_Indicators.html]
[demo.dashboardpack.com/user-management-html/color_plate.html]
[demo.dashboardpack.com/user-management-html/typography.html]
[demo.dashboardpack.com/user-management-html/datepicker.html]
[demo.dashboardpack.com/user-management-html/img/menu-icon/21.svg]
[demo.dashboardpack.com/user-management-html/chart_box_1.html]
[demo.dashboardpack.com/user-management-html/vendors/nvd3/layers.js]
[demo.dashboardpack.com/user-management-html/img/profilebox/1.jpg]
[demo.dashboardpack.com/user-management-html/img/profilebox/7.jpg]
[demo.dashboardpack.com/user-management-html/img/profilebox/2.jpg]
[demo.dashboardpack.com/user-management-html/img/profilebox/8.jpg]
[demo.dashboardpack.com/user-management-html/img/profilebox/3.jpg]
[demo.dashboardpack.com/user-management-html/img/profilebox/9.jpg]
[demo.dashboardpack.com/user-management-html/profilebox.html]
[demo.dashboardpack.com/user-management-html/vendors/mapJs/mapsjs-ui.css]
[demo.dashboardpack.com/user-management-html/vendors/mapJs/mapsjs-core.js]
[demo.dashboardpack.com/user-management-html/vendors/mapJs/mapsjs_service.js]
[demo.dashboardpack.com/user-management-html/vendors/mapJs/mapsjs-ui.js]
[demo.dashboardpack.com/user-management-html/vendors/mapJs/mapsjs-mapevents.js]
[demo.dashboardpack.com/user-management-html/mapjs.html]
[demo.dashboardpack.com/user-management-html/vendors/mapJs/custom.js]
[demo.dashboardpack.com/user-management-html/vendors/verctorMap/vector-map.css]
[demo.dashboardpack.com/user-management-html/vendors/verctorMap/jvectormap-2.0.2.min.js]
[demo.dashboardpack.com/user-management-html/vendors/verctorMap/jvectormap-world-mill-en.js]
[demo.dashboardpack.com/user-management-html/vendors/verctorMap/jvectormap-us-aea-en.js]
[demo.dashboardpack.com/user-management-html/vendors/verctorMap/jvectormap-uk-mill-en.js]
[demo.dashboardpack.com/user-management-html/vendors/verctorMap/jvectormap-au-mill.js]
[demo.dashboardpack.com/user-management-html/vendors/verctorMap/jvectormap-chicago-mill-en.js]
[demo.dashboardpack.com/user-management-html/vendors/verctorMap/jvectormap-in-mill.js]
[demo.dashboardpack.com/user-management-html/vendors/verctorMap/jvectormap-asia-mill.js]
[demo.dashboardpack.com/user-management-html/vector_map.html]
[demo.dashboardpack.com/user-management-html/img/icon/icon_search.svg]
[demo.dashboardpack.com/user-management-html/img/icon/bell.svg]
[demo.dashboardpack.com/user-management-html/img/icon/msg.svg]
[demo.dashboardpack.com/user-management-html/img/icon/calender_icon.svg]
[demo.dashboardpack.com/user-management-html/img/crm/businessman.svg]
[demo.dashboardpack.com/user-management-html/img/crm/customer.svg]
[demo.dashboardpack.com/user-management-html/img/crm/infographic.svg]
[demo.dashboardpack.com/user-management-html/img/crm/sqr.svg]
[demo.dashboardpack.com/user-management-html/img/icon2/7.svg]
[demo.dashboardpack.com/user-management-html/img/icon2/6.svg]
[demo.dashboardpack.com/user-management-html/img/icon2/5.svg]
[demo.dashboardpack.com/user-management-html/img/icon2/3.svg]
[demo.dashboardpack.com/user-management-html/img/icon2/1.svg]
[demo.dashboardpack.com/user-management-html/img/icon2/4.svg]
[demo.dashboardpack.com/user-management-html/img/icon2/2.svg]
[demo.dashboardpack.com/user-management-html/img/table.svg]
[demo.dashboardpack.com/user-management-html/vendors/themefy_icon/fonts/themify9f24.svg]
[demo.dashboardpack.com/user-management-html/vendors/owl_carousel/css/owl.video.play.html]
[demo.dashboardpack.com/user-management-html/vendors/font_awesome/webfonts/fa-regular-400.html]
[demo.dashboardpack.com/user-management-html/vendors/font_awesome/webfonts/fa-solid-900.html]
[demo.dashboardpack.com/user-management-html/vendors/datatable/images/sort_both.html]
[demo.dashboardpack.com/user-management-html/vendors/datatable/images/sort_asc.html]
[demo.dashboardpack.com/user-management-html/vendors/datatable/images/sort_desc.html]
[demo.dashboardpack.com/user-management-html/vendors/datatable/images/sort_asc_disabled.html]
[demo.dashboardpack.com/user-management-html/vendors/datatable/images/sort_desc_disabled.html]
[demo.dashboardpack.com/user-management-html/img/progress/progress-bg.html]
[demo.dashboardpack.com/user-management-html/img/progress/design-progress-yellow.html]
[demo.dashboardpack.com/user-management-html/img/progress/design-progress-red.html]
[demo.dashboardpack.com/user-management-html/img/shape_2.svg]
[demo.dashboardpack.com/user-management-html/img/plane_thumb.svg]
[demo.dashboardpack.com/user-management-html/img/default-skin/default-skin.svg]
[demo.dashboardpack.com/user-management-html/css/preloader.html]
[demo.dashboardpack.com/user-management-html/img/crm/bg.svg]
[demo.dashboardpack.com/user-management-html/vendors/calender_js/core/main.css]
[demo.dashboardpack.com/user-management-html/vendors/calender_js/daygrid/main.css]
[demo.dashboardpack.com/user-management-html/vendors/calender_js/timegrid/main.css]
[demo.dashboardpack.com/user-management-html/vendors/calender_js/list/main.css]
[demo.dashboardpack.com/user-management-html/vendors/swiper_slider/css/swiper.min.html]
[demo.dashboardpack.com/user-management-html/vendors/select2/css/select2.min.html]
[demo.dashboardpack.com/user-management-html/vendors/animation/wow/animate.css]
[demo.dashboardpack.com/user-management-html/vendors/apex_chart/bar_active_1.html]
[demo.dashboardpack.com/user-management-html/vendors/mapJs/mapsjs-ui.css]
[demo.dashboardpack.com/user-management-html/vendors/verctorMap/vector-map.css]
[demo.dashboardpack.com/user-management-html/vendors/verctorMap/map-vector.js]
[demo.dashboardpack.com/user-management-html/vendors/font_awesome/webfonts/fa-regular-400.eot]
[demo.dashboardpack.com/user-management-html/vendors/font_awesome/webfonts/fa-brands-400.svg]
